model sizes (MB): {'pytorch': 6.27, 'onnx_fp32': 12.34, 'onnx_int8': 3.43, 'int8_smaller_x': 3.6}

paired accuracy on 600 tiles (conf >= 0.25) ...
  pytorch_fp32  recall 0.8031  (8s)
Loading C:\Users\Mega-PC\Desktop\IASTAM_Problem7\code\runs\ships\weights\best.onnx for ONNX Runtime inference...
Using ONNX Runtime 1.30.0 with CPUExecutionProvider
  onnx_fp32     recall 0.8031  (29s)
Loading C:\Users\Mega-PC\Desktop\IASTAM_Problem7\code\runs\ships\weights\best_int8.onnx for ONNX Runtime inference...
Using ONNX Runtime 1.30.0 with CPUExecutionProvider
  onnx_int8     recall 0.7887  (206s)

INT8 - FP32 (paired, same tiles):
{
  "recall": -0.01443298969072171,
  "small (<32 px)": -0.02212389380530977,
  "medium (32-96 px)": -0.012861736334405238,
  "large (>96 px)": 0.0,
  "lost_by_int8": 16,
  "gained_by_int8": 2
}

latency on 25 tiles ...
  pytorch_gpu          12.5 ms/tile
Loading C:\Users\Mega-PC\Desktop\IASTAM_Problem7\code\runs\ships\weights\best.onnx for ONNX Runtime inference...
Using ONNX Runtime 1.30.0 with CPUExecutionProvider
  onnx_fp32_cpu        38.6 ms/tile
Loading C:\Users\Mega-PC\Desktop\IASTAM_Problem7\code\runs\ships\weights\best_int8.onnx for ONNX Runtime inference...
Using ONNX Runtime 1.30.0 with CPUExecutionProvider
  onnx_int8_cpu       328.8 ms/tile
  pytorch_cpu          46.6 ms/tile

Saved wp1_export.json in C:\Users\Mega-PC\Desktop\IASTAM_Problem7\code\results
